manifest should match snapshot:
  1: |
    apiVersion: v1
    kind: Service
    metadata:
      labels:
        app: with-subchart
        chart: with-subchart-0.1.0
        heritage: Helm
        release: RELEASE-NAME
      name: RELEASE-NAME-with-subchart
    spec:
      ports:
        - name: nginx
          port: 80
          protocol: TCP
          targetPort: 80
      selector:
        app: with-subchart
        env: prod
        release: RELEASE-NAME
      type: ClusterIP
